INFO:     Started server process [3198]
INFO:     Waiting for application startup.
INFO:     Application startup complete.
INFO:     Uvicorn running on http://127.0.0.1:8001 (Press CTRL+C to quit)
INFO:     127.0.0.1:47100 - "GET /openapi.json HTTP/1.1" 200 OK
2026-10-05 17:30:23,832 ERROR app.main: Error inesperado en /api/clima
Traceback (most recent call last):
  File "/home/weatherproject/.venv/lib/python3.14/site-packages/starlette/middleware/errors.py", line 164, in __call__
    await self.app(scope, receive, _send)
  File "/home/weatherproject/.venv/lib/python3.14/site-packages/fastapi/telemetry/_asgi.py", line 151, in __call__
    await self.app(scope, receive, send)
  File "/home/weatherproject/.venv/lib/python3.14/site-packages/starlette/middleware/base.py", line 197, in __call__
    response = await self.dispatch_func(request, call_next)
               ^^^^^^^^^^^^^^^^^^^^^^^^^^^^^^^^^^^^^^^^^^^^
  File "/home/weatherproject/backend/app/main.py", line 84, in security_headers
    response = await call_next(request)
               ^^^^^^^^^^^^^^^^^^^^^^^^
  File "/home/weatherproject/.venv/lib/python3.14/site-packages/starlette/middleware/base.py", line 173, in call_next
    raise app_exc from app_exc.__cause__ or app_exc.__context__
  File "/home/weatherproject/.venv/lib/python3.14/site-packages/starlette/middleware/base.py", line 149, in coro
    await self.app(scope, receive_or_disconnect, send_no_error)
  File "/home/weatherproject/.venv/lib/python3.14/site-packages/starlette/middleware/cors.py", line 91, in __call__
    await self.simple_response(scope, receive, send, request_headers=headers)
  File "/home/weatherproject/.venv/lib/python3.14/site-packages/starlette/middleware/cors.py", line 149, in simple_response
    await self.app(scope, receive, send)
  File "/home/weatherproject/.venv/lib/python3.14/site-packages/starlette/middleware/exceptions.py", line 63, in __call__
    await wrap_app_handling_exceptions(self.app, conn)(scope, receive, send)
  File "/home/weatherproject/.venv/lib/python3.14/site-packages/starlette/_exception_handler.py", line 53, in wrapped_app
    raise exc
  File "/home/weatherproject/.venv/lib/python3.14/site-packages/starlette/_exception_handler.py", line 42, in wrapped_app
    await app(scope, receive, sender)
  File "/home/weatherproject/.venv/lib/python3.14/site-packages/fastapi/middleware/asyncexitstack.py", line 18, in __call__
    await self.app(scope, receive, send)
  File "/home/weatherproject/.venv/lib/python3.14/site-packages/starlette/routing.py", line 676, in __call__
    await self.middleware_stack(scope, receive, send)
  File "/home/weatherproject/.venv/lib/python3.14/site-packages/fastapi/routing.py", line 2786, in app
    await route.handle(scope, receive, send)
  File "/home/weatherproject/.venv/lib/python3.14/site-packages/fastapi/routing.py", line 1310, in handle
    await super().handle(scope, receive, send)
  File "/home/weatherproject/.venv/lib/python3.14/site-packages/starlette/routing.py", line 282, in handle
    await self.app(scope, receive, send)
  File "/home/weatherproject/.venv/lib/python3.14/site-packages/fastapi/routing.py", line 165, in app
    await wrap_app_handling_exceptions(app, request)(scope, receive, send)
  File "/home/weatherproject/.venv/lib/python3.14/site-packages/starlette/_exception_handler.py", line 53, in wrapped_app
    raise exc
  File "/home/weatherproject/.venv/lib/python3.14/site-packages/starlette/_exception_handler.py", line 42, in wrapped_app
    await app(scope, receive, sender)
  File "/home/weatherproject/.venv/lib/python3.14/site-packages/fastapi/routing.py", line 151, in app
    response = await f(request)
               ^^^^^^^^^^^^^^^^
  File "/home/weatherproject/.venv/lib/python3.14/site-packages/fastapi/routing.py", line 727, in app
    raw_response = await run_endpoint_function(
                   ^^^^^^^^^^^^^^^^^^^^^^^^^^^^
    ...<3 lines>...
    )
    ^
  File "/home/weatherproject/.venv/lib/python3.14/site-packages/fastapi/routing.py", line 360, in run_endpoint_function
    return await dependant.call(**values)
           ^^^^^^^^^^^^^^^^^^^^^^^^^^^^^^
  File "/home/weatherproject/backend/app/main.py", line 109, in clima
    forecast = await service.get_forecast()
               ^^^^^^^^^^^^^^^^^^^^^^^^^^^^
  File "/home/weatherproject/security/scripts/run_failing_upstream.py", line 32, in get_forecast
    raise RuntimeError(f"fallo inesperado {SECRET} /etc/passwd")
RuntimeError: fallo inesperado DETALLE-INTERNO-NO-DEBE-SALIR /etc/passwd
INFO:     127.0.0.1:47104 - "GET /api/clima HTTP/1.1" 500 Internal Server Error
ERROR:    Exception in ASGI application
Traceback (most recent call last):
  File "/home/weatherproject/.venv/lib/python3.14/site-packages/uvicorn/protocols/http/httptools_impl.py", line 422, in run_asgi
    result = await app(  # type: ignore[func-returns-value]
             ^^^^^^^^^^^^^^^^^^^^^^^^^^^^^^^^^^^^^^^^^^^^^^
        self.scope, self.receive, self.send
        ^^^^^^^^^^^^^^^^^^^^^^^^^^^^^^^^^^^
    )
    ^
  File "/home/weatherproject/.venv/lib/python3.14/site-packages/uvicorn/middleware/proxy_headers.py", line 63, in __call__
    return await self.app(scope, receive, send)
           ^^^^^^^^^^^^^^^^^^^^^^^^^^^^^^^^^^^^
  File "/home/weatherproject/.venv/lib/python3.14/site-packages/fastapi/applications.py", line 1215, in __call__
    await super().__call__(scope, receive, send)
  File "/home/weatherproject/.venv/lib/python3.14/site-packages/starlette/applications.py", line 96, in __call__
    await self.middleware_stack(scope, receive, send)
  File "/home/weatherproject/.venv/lib/python3.14/site-packages/starlette/middleware/errors.py", line 186, in __call__
    raise exc
  File "/home/weatherproject/.venv/lib/python3.14/site-packages/starlette/middleware/errors.py", line 164, in __call__
    await self.app(scope, receive, _send)
  File "/home/weatherproject/.venv/lib/python3.14/site-packages/fastapi/telemetry/_asgi.py", line 151, in __call__
    await self.app(scope, receive, send)
  File "/home/weatherproject/.venv/lib/python3.14/site-packages/starlette/middleware/base.py", line 197, in __call__
    response = await self.dispatch_func(request, call_next)
               ^^^^^^^^^^^^^^^^^^^^^^^^^^^^^^^^^^^^^^^^^^^^
  File "/home/weatherproject/backend/app/main.py", line 84, in security_headers
    response = await call_next(request)
               ^^^^^^^^^^^^^^^^^^^^^^^^
  File "/home/weatherproject/.venv/lib/python3.14/site-packages/starlette/middleware/base.py", line 173, in call_next
    raise app_exc from app_exc.__cause__ or app_exc.__context__
  File "/home/weatherproject/.venv/lib/python3.14/site-packages/starlette/middleware/base.py", line 149, in coro
    await self.app(scope, receive_or_disconnect, send_no_error)
  File "/home/weatherproject/.venv/lib/python3.14/site-packages/starlette/middleware/cors.py", line 91, in __call__
    await self.simple_response(scope, receive, send, request_headers=headers)
  File "/home/weatherproject/.venv/lib/python3.14/site-packages/starlette/middleware/cors.py", line 149, in simple_response
    await self.app(scope, receive, send)
  File "/home/weatherproject/.venv/lib/python3.14/site-packages/starlette/middleware/exceptions.py", line 63, in __call__
    await wrap_app_handling_exceptions(self.app, conn)(scope, receive, send)
  File "/home/weatherproject/.venv/lib/python3.14/site-packages/starlette/_exception_handler.py", line 53, in wrapped_app
    raise exc
  File "/home/weatherproject/.venv/lib/python3.14/site-packages/starlette/_exception_handler.py", line 42, in wrapped_app
    await app(scope, receive, sender)
  File "/home/weatherproject/.venv/lib/python3.14/site-packages/fastapi/middleware/asyncexitstack.py", line 18, in __call__
    await self.app(scope, receive, send)
  File "/home/weatherproject/.venv/lib/python3.14/site-packages/starlette/routing.py", line 676, in __call__
    await self.middleware_stack(scope, receive, send)
  File "/home/weatherproject/.venv/lib/python3.14/site-packages/fastapi/routing.py", line 2786, in app
    await route.handle(scope, receive, send)
  File "/home/weatherproject/.venv/lib/python3.14/site-packages/fastapi/routing.py", line 1310, in handle
    await super().handle(scope, receive, send)
  File "/home/weatherproject/.venv/lib/python3.14/site-packages/starlette/routing.py", line 282, in handle
    await self.app(scope, receive, send)
  File "/home/weatherproject/.venv/lib/python3.14/site-packages/fastapi/routing.py", line 165, in app
    await wrap_app_handling_exceptions(app, request)(scope, receive, send)
  File "/home/weatherproject/.venv/lib/python3.14/site-packages/starlette/_exception_handler.py", line 53, in wrapped_app
    raise exc
  File "/home/weatherproject/.venv/lib/python3.14/site-packages/starlette/_exception_handler.py", line 42, in wrapped_app
    await app(scope, receive, sender)
  File "/home/weatherproject/.venv/lib/python3.14/site-packages/fastapi/routing.py", line 151, in app
    response = await f(request)
               ^^^^^^^^^^^^^^^^
  File "/home/weatherproject/.venv/lib/python3.14/site-packages/fastapi/routing.py", line 727, in app
    raw_response = await run_endpoint_function(
                   ^^^^^^^^^^^^^^^^^^^^^^^^^^^^
    ...<3 lines>...
    )
    ^
  File "/home/weatherproject/.venv/lib/python3.14/site-packages/fastapi/routing.py", line 360, in run_endpoint_function
    return await dependant.call(**values)
           ^^^^^^^^^^^^^^^^^^^^^^^^^^^^^^
  File "/home/weatherproject/backend/app/main.py", line 109, in clima
    forecast = await service.get_forecast()
               ^^^^^^^^^^^^^^^^^^^^^^^^^^^^
  File "/home/weatherproject/security/scripts/run_failing_upstream.py", line 32, in get_forecast
    raise RuntimeError(f"fallo inesperado {SECRET} /etc/passwd")
RuntimeError: fallo inesperado DETALLE-INTERNO-NO-DEBE-SALIR /etc/passwd
2026-10-05 17:30:23,843 ERROR app.main: Error inesperado en /api/aire
Traceback (most recent call last):
  File "/home/weatherproject/.venv/lib/python3.14/site-packages/starlette/middleware/errors.py", line 164, in __call__
    await self.app(scope, receive, _send)
  File "/home/weatherproject/.venv/lib/python3.14/site-packages/fastapi/telemetry/_asgi.py", line 151, in __call__
    await self.app(scope, receive, send)
  File "/home/weatherproject/.venv/lib/python3.14/site-packages/starlette/middleware/base.py", line 197, in __call__
    response = await self.dispatch_func(request, call_next)
               ^^^^^^^^^^^^^^^^^^^^^^^^^^^^^^^^^^^^^^^^^^^^
  File "/home/weatherproject/backend/app/main.py", line 84, in security_headers
    response = await call_next(request)
               ^^^^^^^^^^^^^^^^^^^^^^^^
  File "/home/weatherproject/.venv/lib/python3.14/site-packages/starlette/middleware/base.py", line 173, in call_next
    raise app_exc from app_exc.__cause__ or app_exc.__context__
  File "/home/weatherproject/.venv/lib/python3.14/site-packages/starlette/middleware/base.py", line 149, in coro
    await self.app(scope, receive_or_disconnect, send_no_error)
  File "/home/weatherproject/.venv/lib/python3.14/site-packages/starlette/middleware/cors.py", line 91, in __call__
    await self.simple_response(scope, receive, send, request_headers=headers)
  File "/home/weatherproject/.venv/lib/python3.14/site-packages/starlette/middleware/cors.py", line 149, in simple_response
    await self.app(scope, receive, send)
  File "/home/weatherproject/.venv/lib/python3.14/site-packages/starlette/middleware/exceptions.py", line 63, in __call__
    await wrap_app_handling_exceptions(self.app, conn)(scope, receive, send)
  File "/home/weatherproject/.venv/lib/python3.14/site-packages/starlette/_exception_handler.py", line 53, in wrapped_app
    raise exc
  File "/home/weatherproject/.venv/lib/python3.14/site-packages/starlette/_exception_handler.py", line 42, in wrapped_app
    await app(scope, receive, sender)
  File "/home/weatherproject/.venv/lib/python3.14/site-packages/fastapi/middleware/asyncexitstack.py", line 18, in __call__
    await self.app(scope, receive, send)
  File "/home/weatherproject/.venv/lib/python3.14/site-packages/starlette/routing.py", line 676, in __call__
    await self.middleware_stack(scope, receive, send)
  File "/home/weatherproject/.venv/lib/python3.14/site-packages/fastapi/routing.py", line 2786, in app
    await route.handle(scope, receive, send)
  File "/home/weatherproject/.venv/lib/python3.14/site-packages/fastapi/routing.py", line 1310, in handle
    await super().handle(scope, receive, send)
  File "/home/weatherproject/.venv/lib/python3.14/site-packages/starlette/routing.py", line 282, in handle
    await self.app(scope, receive, send)
  File "/home/weatherproject/.venv/lib/python3.14/site-packages/fastapi/routing.py", line 165, in app
    await wrap_app_handling_exceptions(app, request)(scope, receive, send)
  File "/home/weatherproject/.venv/lib/python3.14/site-packages/starlette/_exception_handler.py", line 53, in wrapped_app
    raise exc
  File "/home/weatherproject/.venv/lib/python3.14/site-packages/starlette/_exception_handler.py", line 42, in wrapped_app
    await app(scope, receive, sender)
  File "/home/weatherproject/.venv/lib/python3.14/site-packages/fastapi/routing.py", line 151, in app
    response = await f(request)
               ^^^^^^^^^^^^^^^^
  File "/home/weatherproject/.venv/lib/python3.14/site-packages/fastapi/routing.py", line 727, in app
    raw_response = await run_endpoint_function(
                   ^^^^^^^^^^^^^^^^^^^^^^^^^^^^
    ...<3 lines>...
    )
    ^
  File "/home/weatherproject/.venv/lib/python3.14/site-packages/fastapi/routing.py", line 360, in run_endpoint_function
    return await dependant.call(**values)
           ^^^^^^^^^^^^^^^^^^^^^^^^^^^^^^
  File "/home/weatherproject/backend/app/main.py", line 128, in aire
    return await service.get_air_quality()
           ^^^^^^^^^^^^^^^^^^^^^^^^^^^^^^^
  File "/home/weatherproject/security/scripts/run_failing_upstream.py", line 35, in get_air_quality
    raise RuntimeError(f"fallo inesperado {SECRET}")
RuntimeError: fallo inesperado DETALLE-INTERNO-NO-DEBE-SALIR
INFO:     127.0.0.1:47120 - "GET /api/aire HTTP/1.1" 500 Internal Server Error
ERROR:    Exception in ASGI application
Traceback (most recent call last):
  File "/home/weatherproject/.venv/lib/python3.14/site-packages/uvicorn/protocols/http/httptools_impl.py", line 422, in run_asgi
    result = await app(  # type: ignore[func-returns-value]
             ^^^^^^^^^^^^^^^^^^^^^^^^^^^^^^^^^^^^^^^^^^^^^^
        self.scope, self.receive, self.send
        ^^^^^^^^^^^^^^^^^^^^^^^^^^^^^^^^^^^
    )
    ^
  File "/home/weatherproject/.venv/lib/python3.14/site-packages/uvicorn/middleware/proxy_headers.py", line 63, in __call__
    return await self.app(scope, receive, send)
           ^^^^^^^^^^^^^^^^^^^^^^^^^^^^^^^^^^^^
  File "/home/weatherproject/.venv/lib/python3.14/site-packages/fastapi/applications.py", line 1215, in __call__
    await super().__call__(scope, receive, send)
  File "/home/weatherproject/.venv/lib/python3.14/site-packages/starlette/applications.py", line 96, in __call__
    await self.middleware_stack(scope, receive, send)
  File "/home/weatherproject/.venv/lib/python3.14/site-packages/starlette/middleware/errors.py", line 186, in __call__
    raise exc
  File "/home/weatherproject/.venv/lib/python3.14/site-packages/starlette/middleware/errors.py", line 164, in __call__
    await self.app(scope, receive, _send)
  File "/home/weatherproject/.venv/lib/python3.14/site-packages/fastapi/telemetry/_asgi.py", line 151, in __call__
    await self.app(scope, receive, send)
  File "/home/weatherproject/.venv/lib/python3.14/site-packages/starlette/middleware/base.py", line 197, in __call__
    response = await self.dispatch_func(request, call_next)
               ^^^^^^^^^^^^^^^^^^^^^^^^^^^^^^^^^^^^^^^^^^^^
  File "/home/weatherproject/backend/app/main.py", line 84, in security_headers
    response = await call_next(request)
               ^^^^^^^^^^^^^^^^^^^^^^^^
  File "/home/weatherproject/.venv/lib/python3.14/site-packages/starlette/middleware/base.py", line 173, in call_next
    raise app_exc from app_exc.__cause__ or app_exc.__context__
  File "/home/weatherproject/.venv/lib/python3.14/site-packages/starlette/middleware/base.py", line 149, in coro
    await self.app(scope, receive_or_disconnect, send_no_error)
  File "/home/weatherproject/.venv/lib/python3.14/site-packages/starlette/middleware/cors.py", line 91, in __call__
    await self.simple_response(scope, receive, send, request_headers=headers)
  File "/home/weatherproject/.venv/lib/python3.14/site-packages/starlette/middleware/cors.py", line 149, in simple_response
    await self.app(scope, receive, send)
  File "/home/weatherproject/.venv/lib/python3.14/site-packages/starlette/middleware/exceptions.py", line 63, in __call__
    await wrap_app_handling_exceptions(self.app, conn)(scope, receive, send)
  File "/home/weatherproject/.venv/lib/python3.14/site-packages/starlette/_exception_handler.py", line 53, in wrapped_app
    raise exc
  File "/home/weatherproject/.venv/lib/python3.14/site-packages/starlette/_exception_handler.py", line 42, in wrapped_app
    await app(scope, receive, sender)
  File "/home/weatherproject/.venv/lib/python3.14/site-packages/fastapi/middleware/asyncexitstack.py", line 18, in __call__
    await self.app(scope, receive, send)
  File "/home/weatherproject/.venv/lib/python3.14/site-packages/starlette/routing.py", line 676, in __call__
    await self.middleware_stack(scope, receive, send)
  File "/home/weatherproject/.venv/lib/python3.14/site-packages/fastapi/routing.py", line 2786, in app
    await route.handle(scope, receive, send)
  File "/home/weatherproject/.venv/lib/python3.14/site-packages/fastapi/routing.py", line 1310, in handle
    await super().handle(scope, receive, send)
  File "/home/weatherproject/.venv/lib/python3.14/site-packages/starlette/routing.py", line 282, in handle
    await self.app(scope, receive, send)
  File "/home/weatherproject/.venv/lib/python3.14/site-packages/fastapi/routing.py", line 165, in app
    await wrap_app_handling_exceptions(app, request)(scope, receive, send)
  File "/home/weatherproject/.venv/lib/python3.14/site-packages/starlette/_exception_handler.py", line 53, in wrapped_app
    raise exc
  File "/home/weatherproject/.venv/lib/python3.14/site-packages/starlette/_exception_handler.py", line 42, in wrapped_app
    await app(scope, receive, sender)
  File "/home/weatherproject/.venv/lib/python3.14/site-packages/fastapi/routing.py", line 151, in app
    response = await f(request)
               ^^^^^^^^^^^^^^^^
  File "/home/weatherproject/.venv/lib/python3.14/site-packages/fastapi/routing.py", line 727, in app
    raw_response = await run_endpoint_function(
                   ^^^^^^^^^^^^^^^^^^^^^^^^^^^^
    ...<3 lines>...
    )
    ^
  File "/home/weatherproject/.venv/lib/python3.14/site-packages/fastapi/routing.py", line 360, in run_endpoint_function
    return await dependant.call(**values)
           ^^^^^^^^^^^^^^^^^^^^^^^^^^^^^^
  File "/home/weatherproject/backend/app/main.py", line 128, in aire
    return await service.get_air_quality()
           ^^^^^^^^^^^^^^^^^^^^^^^^^^^^^^^
  File "/home/weatherproject/security/scripts/run_failing_upstream.py", line 35, in get_air_quality
    raise RuntimeError(f"fallo inesperado {SECRET}")
RuntimeError: fallo inesperado DETALLE-INTERNO-NO-DEBE-SALIR
INFO:     Shutting down
INFO:     Waiting for application shutdown.
INFO:     Application shutdown complete.
INFO:     Finished server process [3198]
